[2026-05-25 22:25:37] Registration failed for email: 123@mail.ru
Exception: org.postgresql.util.PSQLException: ОШИБКА: столбец "password_hash" в таблице "users" не существует
  Позиция: 27
  at org.postgresql.core.v3.QueryExecutorImpl.receiveErrorResponse(QueryExecutorImpl.java:2712)
  at org.postgresql.core.v3.QueryExecutorImpl.processResults(QueryExecutorImpl.java:2400)
  at org.postgresql.core.v3.QueryExecutorImpl.execute(QueryExecutorImpl.java:367)
  at org.postgresql.jdbc.PgStatement.executeInternal(PgStatement.java:498)
  at org.postgresql.jdbc.PgStatement.execute(PgStatement.java:415)
  at org.postgresql.jdbc.PgPreparedStatement.executeWithFlags(PgPreparedStatement.java:190)
  at org.postgresql.jdbc.PgPreparedStatement.executeQuery(PgPreparedStatement.java:134)
  at db.UserRepository.register(UserRepository.java:58)
  at Services.UserService.register(UserService.java:28)
  at AppController.AppController.doRegister(AppController.java:95)
  at java.base/jdk.internal.reflect.DirectMethodHandleAccessor.invoke(DirectMethodHandleAccessor.java:104)
  at java.base/java.lang.reflect.Method.invoke(Method.java:565)
  at org.springframework.web.method.support.InvocableHandlerMethod.doInvoke(InvocableHandlerMethod.java:261)
  at org.springframework.web.method.support.InvocableHandlerMethod.invokeForRequest(InvocableHandlerMethod.java:189)
  at org.springframework.web.servlet.mvc.method.annotation.ServletInvocableHandlerMethod.invokeAndHandle(ServletInvocableHandlerMethod.java:118)
  at org.springframework.web.servlet.mvc.method.annotation.RequestMappingHandlerAdapter.invokeHandlerMethod(RequestMappingHandlerAdapter.java:917)
  at org.springframework.web.servlet.mvc.method.annotation.RequestMappingHandlerAdapter.handleInternal(RequestMappingHandlerAdapter.java:829)
  at org.springframework.web.servlet.mvc.method.AbstractHandlerMethodAdapter.handle(AbstractHandlerMethodAdapter.java:87)
  at org.springframework.web.servlet.DispatcherServlet.doDispatch(DispatcherServlet.java:1089)
  at org.springframework.web.servlet.DispatcherServlet.doService(DispatcherServlet.java:979)
  at org.springframework.web.servlet.FrameworkServlet.processRequest(FrameworkServlet.java:1014)
  at org.springframework.web.servlet.FrameworkServlet.doPost(FrameworkServlet.java:914)
  at jakarta.servlet.http.HttpServlet.service(HttpServlet.java:590)
  at org.springframework.web.servlet.FrameworkServlet.service(FrameworkServlet.java:885)
  at jakarta.servlet.http.HttpServlet.service(HttpServlet.java:658)
  at org.apache.catalina.core.ApplicationFilterChain.internalDoFilter(ApplicationFilterChain.java:205)
  at org.apache.catalina.core.ApplicationFilterChain.doFilter(ApplicationFilterChain.java:149)
  at org.apache.tomcat.websocket.server.WsFilter.doFilter(WsFilter.java:51)
  at org.apache.catalina.core.ApplicationFilterChain.internalDoFilter(ApplicationFilterChain.java:174)
  at org.apache.catalina.core.ApplicationFilterChain.doFilter(ApplicationFilterChain.java:149)
  at org.springframework.web.filter.RequestContextFilter.doFilterInternal(RequestContextFilter.java:100)
  at org.springframework.web.filter.OncePerRequestFilter.doFilter(OncePerRequestFilter.java:116)
  at org.apache.catalina.core.ApplicationFilterChain.internalDoFilter(ApplicationFilterChain.java:174)
  at org.apache.catalina.core.ApplicationFilterChain.doFilter(ApplicationFilterChain.java:149)
  at org.springframework.web.filter.FormContentFilter.doFilterInternal(FormContentFilter.java:93)
  at org.springframework.web.filter.OncePerRequestFilter.doFilter(OncePerRequestFilter.java:116)
  at org.apache.catalina.core.ApplicationFilterChain.internalDoFilter(ApplicationFilterChain.java:174)
  at org.apache.catalina.core.ApplicationFilterChain.doFilter(ApplicationFilterChain.java:149)
  at org.springframework.web.filter.CharacterEncodingFilter.doFilterInternal(CharacterEncodingFilter.java:201)
  at org.springframework.web.filter.OncePerRequestFilter.doFilter(OncePerRequestFilter.java:116)
  at org.apache.catalina.core.ApplicationFilterChain.internalDoFilter(ApplicationFilterChain.java:174)
  at org.apache.catalina.core.ApplicationFilterChain.doFilter(ApplicationFilterChain.java:149)
  at org.apache.catalina.core.StandardWrapperValve.invoke(StandardWrapperValve.java:167)
  at org.apache.catalina.core.StandardContextValve.invoke(StandardContextValve.java:90)
  at org.apache.catalina.authenticator.AuthenticatorBase.invoke(AuthenticatorBase.java:482)
  at org.apache.catalina.core.StandardHostValve.invoke(StandardHostValve.java:115)
  at org.apache.catalina.valves.ErrorReportValve.invoke(ErrorReportValve.java:93)
  at org.apache.catalina.core.StandardEngineValve.invoke(StandardEngineValve.java:74)
  at org.apache.catalina.connector.CoyoteAdapter.service(CoyoteAdapter.java:340)
  at org.apache.coyote.http11.Http11Processor.service(Http11Processor.java:391)
  at org.apache.coyote.AbstractProcessorLight.process(AbstractProcessorLight.java:63)
  at org.apache.coyote.AbstractProtocol$ConnectionHandler.process(AbstractProtocol.java:896)
  at org.apache.tomcat.util.net.NioEndpoint$SocketProcessor.doRun(NioEndpoint.java:1744)
  at org.apache.tomcat.util.net.SocketProcessorBase.run(SocketProcessorBase.java:52)
  at org.apache.tomcat.util.threads.ThreadPoolExecutor.runWorker(ThreadPoolExecutor.java:1191)
  at org.apache.tomcat.util.threads.ThreadPoolExecutor$Worker.run(ThreadPoolExecutor.java:659)
  at org.apache.tomcat.util.threads.TaskThread$WrappingRunnable.run(TaskThread.java:61)
  at java.base/java.lang.Thread.run(Thread.java:1474)
---
[2026-05-25 22:36:38] Login failed for email: 123@mail.ru
Exception: org.postgresql.util.PSQLException: ОШИБКА: столбец "id" не существует
  Позиция: 43
  at org.postgresql.core.v3.QueryExecutorImpl.receiveErrorResponse(QueryExecutorImpl.java:2712)
  at org.postgresql.core.v3.QueryExecutorImpl.processResults(QueryExecutorImpl.java:2400)
  at org.postgresql.core.v3.QueryExecutorImpl.execute(QueryExecutorImpl.java:367)
  at org.postgresql.jdbc.PgStatement.executeInternal(PgStatement.java:498)
  at org.postgresql.jdbc.PgStatement.execute(PgStatement.java:415)
  at org.postgresql.jdbc.PgPreparedStatement.executeWithFlags(PgPreparedStatement.java:190)
  at org.postgresql.jdbc.PgPreparedStatement.executeUpdate(PgPreparedStatement.java:152)
  at db.UserRepository.updateLastLogin(UserRepository.java:97)
  at db.UserRepository.authenticate(UserRepository.java:80)
  at Services.UserService.login(UserService.java:35)
  at AppController.AppController.doLogin(AppController.java:57)
  at java.base/jdk.internal.reflect.DirectMethodHandleAccessor.invoke(DirectMethodHandleAccessor.java:104)
  at java.base/java.lang.reflect.Method.invoke(Method.java:565)
  at org.springframework.web.method.support.InvocableHandlerMethod.doInvoke(InvocableHandlerMethod.java:261)
  at org.springframework.web.method.support.InvocableHandlerMethod.invokeForRequest(InvocableHandlerMethod.java:189)
  at org.springframework.web.servlet.mvc.method.annotation.ServletInvocableHandlerMethod.invokeAndHandle(ServletInvocableHandlerMethod.java:118)
  at org.springframework.web.servlet.mvc.method.annotation.RequestMappingHandlerAdapter.invokeHandlerMethod(RequestMappingHandlerAdapter.java:917)
  at org.springframework.web.servlet.mvc.method.annotation.RequestMappingHandlerAdapter.handleInternal(RequestMappingHandlerAdapter.java:829)
  at org.springframework.web.servlet.mvc.method.AbstractHandlerMethodAdapter.handle(AbstractHandlerMethodAdapter.java:87)
  at org.springframework.web.servlet.DispatcherServlet.doDispatch(DispatcherServlet.java:1089)
  at org.springframework.web.servlet.DispatcherServlet.doService(DispatcherServlet.java:979)
  at org.springframework.web.servlet.FrameworkServlet.processRequest(FrameworkServlet.java:1014)
  at org.springframework.web.servlet.FrameworkServlet.doPost(FrameworkServlet.java:914)
  at jakarta.servlet.http.HttpServlet.service(HttpServlet.java:590)
  at org.springframework.web.servlet.FrameworkServlet.service(FrameworkServlet.java:885)
  at jakarta.servlet.http.HttpServlet.service(HttpServlet.java:658)
  at org.apache.catalina.core.ApplicationFilterChain.internalDoFilter(ApplicationFilterChain.java:205)
  at org.apache.catalina.core.ApplicationFilterChain.doFilter(ApplicationFilterChain.java:149)
  at org.apache.tomcat.websocket.server.WsFilter.doFilter(WsFilter.java:51)
  at org.apache.catalina.core.ApplicationFilterChain.internalDoFilter(ApplicationFilterChain.java:174)
  at org.apache.catalina.core.ApplicationFilterChain.doFilter(ApplicationFilterChain.java:149)
  at org.springframework.web.filter.RequestContextFilter.doFilterInternal(RequestContextFilter.java:100)
  at org.springframework.web.filter.OncePerRequestFilter.doFilter(OncePerRequestFilter.java:116)
  at org.apache.catalina.core.ApplicationFilterChain.internalDoFilter(ApplicationFilterChain.java:174)
  at org.apache.catalina.core.ApplicationFilterChain.doFilter(ApplicationFilterChain.java:149)
  at org.springframework.web.filter.FormContentFilter.doFilterInternal(FormContentFilter.java:93)
  at org.springframework.web.filter.OncePerRequestFilter.doFilter(OncePerRequestFilter.java:116)
  at org.apache.catalina.core.ApplicationFilterChain.internalDoFilter(ApplicationFilterChain.java:174)
  at org.apache.catalina.core.ApplicationFilterChain.doFilter(ApplicationFilterChain.java:149)
  at org.springframework.web.filter.CharacterEncodingFilter.doFilterInternal(CharacterEncodingFilter.java:201)
  at org.springframework.web.filter.OncePerRequestFilter.doFilter(OncePerRequestFilter.java:116)
  at org.apache.catalina.core.ApplicationFilterChain.internalDoFilter(ApplicationFilterChain.java:174)
  at org.apache.catalina.core.ApplicationFilterChain.doFilter(ApplicationFilterChain.java:149)
  at org.apache.catalina.core.StandardWrapperValve.invoke(StandardWrapperValve.java:167)
  at org.apache.catalina.core.StandardContextValve.invoke(StandardContextValve.java:90)
  at org.apache.catalina.authenticator.AuthenticatorBase.invoke(AuthenticatorBase.java:482)
  at org.apache.catalina.core.StandardHostValve.invoke(StandardHostValve.java:115)
  at org.apache.catalina.valves.ErrorReportValve.invoke(ErrorReportValve.java:93)
  at org.apache.catalina.core.StandardEngineValve.invoke(StandardEngineValve.java:74)
  at org.apache.catalina.connector.CoyoteAdapter.service(CoyoteAdapter.java:340)
  at org.apache.coyote.http11.Http11Processor.service(Http11Processor.java:391)
  at org.apache.coyote.AbstractProcessorLight.process(AbstractProcessorLight.java:63)
  at org.apache.coyote.AbstractProtocol$ConnectionHandler.process(AbstractProtocol.java:896)
  at org.apache.tomcat.util.net.NioEndpoint$SocketProcessor.doRun(NioEndpoint.java:1744)
  at org.apache.tomcat.util.net.SocketProcessorBase.run(SocketProcessorBase.java:52)
  at org.apache.tomcat.util.threads.ThreadPoolExecutor.runWorker(ThreadPoolExecutor.java:1191)
  at org.apache.tomcat.util.threads.ThreadPoolExecutor$Worker.run(ThreadPoolExecutor.java:659)
  at org.apache.tomcat.util.threads.TaskThread$WrappingRunnable.run(TaskThread.java:61)
  at java.base/java.lang.Thread.run(Thread.java:1474)
---
[2026-05-26 01:59:01] Registration failed for email: 321@mail.ru
Exception: java.sql.SQLException: The url cannot be null
  at java.sql/java.sql.DriverManager.getConnection(DriverManager.java:596)
  at java.sql/java.sql.DriverManager.getConnection(DriverManager.java:199)
  at db.DatabaseConfig.getConnection(DatabaseConfig.java:29)
  at db.UserRepository.findByEmail(UserRepository.java:27)
  at db.UserRepository.register(UserRepository.java:42)
  at Services.UserService.register(UserService.java:28)
  at AppController.AppController.doRegister(AppController.java:95)
  at java.base/jdk.internal.reflect.DirectMethodHandleAccessor.invoke(DirectMethodHandleAccessor.java:104)
  at java.base/java.lang.reflect.Method.invoke(Method.java:565)
  at org.springframework.web.method.support.InvocableHandlerMethod.doInvoke(InvocableHandlerMethod.java:261)
  at org.springframework.web.method.support.InvocableHandlerMethod.invokeForRequest(InvocableHandlerMethod.java:189)
  at org.springframework.web.servlet.mvc.method.annotation.ServletInvocableHandlerMethod.invokeAndHandle(ServletInvocableHandlerMethod.java:118)
  at org.springframework.web.servlet.mvc.method.annotation.RequestMappingHandlerAdapter.invokeHandlerMethod(RequestMappingHandlerAdapter.java:917)
  at org.springframework.web.servlet.mvc.method.annotation.RequestMappingHandlerAdapter.handleInternal(RequestMappingHandlerAdapter.java:829)
  at org.springframework.web.servlet.mvc.method.AbstractHandlerMethodAdapter.handle(AbstractHandlerMethodAdapter.java:87)
  at org.springframework.web.servlet.DispatcherServlet.doDispatch(DispatcherServlet.java:1089)
  at org.springframework.web.servlet.DispatcherServlet.doService(DispatcherServlet.java:979)
  at org.springframework.web.servlet.FrameworkServlet.processRequest(FrameworkServlet.java:1014)
  at org.springframework.web.servlet.FrameworkServlet.doPost(FrameworkServlet.java:914)
  at jakarta.servlet.http.HttpServlet.service(HttpServlet.java:590)
  at org.springframework.web.servlet.FrameworkServlet.service(FrameworkServlet.java:885)
  at jakarta.servlet.http.HttpServlet.service(HttpServlet.java:658)
  at org.apache.catalina.core.ApplicationFilterChain.internalDoFilter(ApplicationFilterChain.java:205)
  at org.apache.catalina.core.ApplicationFilterChain.doFilter(ApplicationFilterChain.java:149)
  at org.apache.tomcat.websocket.server.WsFilter.doFilter(WsFilter.java:51)
  at org.apache.catalina.core.ApplicationFilterChain.internalDoFilter(ApplicationFilterChain.java:174)
  at org.apache.catalina.core.ApplicationFilterChain.doFilter(ApplicationFilterChain.java:149)
  at org.springframework.web.filter.RequestContextFilter.doFilterInternal(RequestContextFilter.java:100)
  at org.springframework.web.filter.OncePerRequestFilter.doFilter(OncePerRequestFilter.java:116)
  at org.apache.catalina.core.ApplicationFilterChain.internalDoFilter(ApplicationFilterChain.java:174)
  at org.apache.catalina.core.ApplicationFilterChain.doFilter(ApplicationFilterChain.java:149)
  at org.springframework.web.filter.FormContentFilter.doFilterInternal(FormContentFilter.java:93)
  at org.springframework.web.filter.OncePerRequestFilter.doFilter(OncePerRequestFilter.java:116)
  at org.apache.catalina.core.ApplicationFilterChain.internalDoFilter(ApplicationFilterChain.java:174)
  at org.apache.catalina.core.ApplicationFilterChain.doFilter(ApplicationFilterChain.java:149)
  at org.springframework.web.filter.CharacterEncodingFilter.doFilterInternal(CharacterEncodingFilter.java:201)
  at org.springframework.web.filter.OncePerRequestFilter.doFilter(OncePerRequestFilter.java:116)
  at org.apache.catalina.core.ApplicationFilterChain.internalDoFilter(ApplicationFilterChain.java:174)
  at org.apache.catalina.core.ApplicationFilterChain.doFilter(ApplicationFilterChain.java:149)
  at org.apache.catalina.core.StandardWrapperValve.invoke(StandardWrapperValve.java:167)
  at org.apache.catalina.core.StandardContextValve.invoke(StandardContextValve.java:90)
  at org.apache.catalina.authenticator.AuthenticatorBase.invoke(AuthenticatorBase.java:482)
  at org.apache.catalina.core.StandardHostValve.invoke(StandardHostValve.java:115)
  at org.apache.catalina.valves.ErrorReportValve.invoke(ErrorReportValve.java:93)
  at org.apache.catalina.core.StandardEngineValve.invoke(StandardEngineValve.java:74)
  at org.apache.catalina.connector.CoyoteAdapter.service(CoyoteAdapter.java:340)
  at org.apache.coyote.http11.Http11Processor.service(Http11Processor.java:391)
  at org.apache.coyote.AbstractProcessorLight.process(AbstractProcessorLight.java:63)
  at org.apache.coyote.AbstractProtocol$ConnectionHandler.process(AbstractProtocol.java:896)
  at org.apache.tomcat.util.net.NioEndpoint$SocketProcessor.doRun(NioEndpoint.java:1744)
  at org.apache.tomcat.util.net.SocketProcessorBase.run(SocketProcessorBase.java:52)
  at org.apache.tomcat.util.threads.ThreadPoolExecutor.runWorker(ThreadPoolExecutor.java:1191)
  at org.apache.tomcat.util.threads.ThreadPoolExecutor$Worker.run(ThreadPoolExecutor.java:659)
  at org.apache.tomcat.util.threads.TaskThread$WrappingRunnable.run(TaskThread.java:61)
  at java.base/java.lang.Thread.run(Thread.java:1474)
---
